#-----------------------------------------------------------
# Vivado v2015.2 (64-bit)
# SW Build 1266856 on Fri Jun 26 16:35:25 MDT 2015
# IP Build 1264090 on Wed Jun 24 14:22:01 MDT 2015
# Start of session at: Wed Apr 06 11:42:26 2022
# Process ID: 9780
# Log file: C:/Users/lab/Documents/EmbeddedSystems/Wednesday/DES_SoC/DES_SoC/Hardware/vivado.log
# Journal file: C:/Users/lab/Documents/EmbeddedSystems/Wednesday/DES_SoC/DES_SoC/Hardware\vivado.jou
#-----------------------------------------------------------
start_gui
open_project C:/Users/lab/Documents/EmbeddedSystems/Wednesday/DES_SoC/DES_SoC/Hardware/DemoSystem.xpr
reset_run blk_mem_8Kword_synth_1
launch_runs blk_mem_8Kword_synth_1
wait_on_run blk_mem_8Kword_synth_1
synth_design -rtl -name rtl_1 -rtl_skip_ip -rtl_skip_constraints
add_files -norecurse {C:/Users/lab/Documents/EmbeddedSystems/Wednesday/DES_SoC/DES_SoC/Hardware/Design/hex2seg.v C:/Users/lab/Documents/EmbeddedSystems/Wednesday/DES_SoC/DES_SoC/Hardware/Design/AHBdisplay.v}
synth_design -rtl -name rtl_1 -rtl_skip_ip -rtl_skip_constraints
reset_run blk_mem_4Kword_synth_1
reset_run synth_1
launch_runs synth_1
wait_on_run synth_1
launch_runs impl_1
wait_on_run impl_1
launch_runs impl_1 -to_step write_bitstream
wait_on_run impl_1
open_hw
connect_hw_server -url localhost:3121
current_hw_target [get_hw_targets */xilinx_tcf/Digilent/210274628288A]
set_property PARAM.FREQUENCY 15000000 [get_hw_targets */xilinx_tcf/Digilent/210274628288A]
open_hw_target
set_property PROGRAM.FILE {C:/Users/lab/Documents/EmbeddedSystems/Wednesday/DES_SoC/DES_SoC/Hardware/DemoSystem.runs/impl_1/AHBliteTop.bit} [lindex [get_hw_devices] 0]
current_hw_device [lindex [get_hw_devices] 0]
refresh_hw_device -update_hw_probes false [lindex [get_hw_devices] 0]
set_property PROBES.FILE {} [lindex [get_hw_devices] 0]
set_property PROGRAM.FILE {C:/Users/lab/Documents/EmbeddedSystems/Wednesday/DES_SoC/DES_SoC/Hardware/DemoSystem.runs/impl_1/AHBliteTop.bit} [lindex [get_hw_devices] 0]
program_hw_devices [lindex [get_hw_devices] 0]
refresh_hw_device [lindex [get_hw_devices] 0]
