<html>
<body>
<pre>
<h1>µVision Build Log</h1>
<h2>Project:</h2>
C:\Users\lab\Documents\EmbeddedSystems\Wednesday\DES_SoC\DES_SoC\Software\DES_M0_SoC_Basic_Uart.uvproj
Project File Date:  04/06/2022

<h2>Output:</h2>
Build target 'Target 1'
creating preprocessor file for spiTestMain.c...
compiling spiTestMain.c...
spiTestMain.c(64): warning:  #177-D: variable "i" was declared but never referenced
        uint8 i;
spiTestMain.c(65): warning:  #177-D: variable "TxBuf" was declared but never referenced
        uint8 TxBuf[ARRAY_SIZE(RxBuf)];
spiTestMain.c: 2 warnings, 0 errors
linking...
Program Size: Code=1116 RO-data=200 RW-data=8 ZI-data=2152  
FromELF: creating hex file...
After Build - User command #1: fromelf .\temp_files\DES_M0_SoC.axf --vhx --32x1 -o ROMcode.hex
After Build - User command #2: fromelf -cvf .\temp_files\DES_M0_SoC.axf -o .\temp_files\disasm.txt
".\temp_files\DES_M0_SoC.axf" - 0 Error(s), 2 Warning(s).
</pre>
</body>
</html>
: Symbol BufReady multiply defined (by spitestmain.o and main.o).
.\temp_files\DES_M0_SoC.axf: Error: L6200E: Symbol UART_ISR multiply defined (by spitestmain.o and main.o).
.\temp_files\DES_M0_SoC.axf: Error: L6200E: Symbol SysTick_ISR multiply defined (by spitestmain.o and main.o).
.\temp_files\DES_M0_SoC.axf: Error: L6200E: Symbol delay multiply defined (by spitestmain.o and main.o).
.\temp_files\DES_M0_SoC.axf: Error: L6200E: Symbol main multiply defined (by spitestmain.o and main.o).
Not enough information to list image symbols.
Not enough information to list the image map.
Finished: 2 information, 0 warning and 8 error messages.
".\temp_files\DES_M0_SoC.axf" - 8 Error(s), 2 Warning(s).
Target not created
