<html>
<body>
<pre>
<h1>µVision Build Log</h1>
<h2>Project:</h2>
C:\Users\lab\Documents\EmbeddedSystems\Wednesday\DES_SoC\DES_SoC\Software\DES_M0_SoC_Basic_Uart.uvproj
Project File Date:  04/06/2022

<h2>Output:</h2>
Build target 'Target 1'
creating preprocessor file for ledDisplayTestMain.c...
compiling ledDisplayTestMain.c...
ledDisplayTestMain.c(156): warning:  #550-D: variable "sign" was set but never used
        int sign = 0;
ledDisplayTestMain.c(198): warning:  #177-D: variable "i" was declared but never referenced
        uint8 i;
ledDisplayTestMain.c: 2 warnings, 0 errors
linking...
Program Size: Code=7704 RO-data=432 RW-data=8 ZI-data=2152  
FromELF: creating hex file...
After Build - User command #1: fromelf .\temp_files\DES_M0_SoC.axf --vhx --32x1 -o ROMcode.hex
After Build - User command #2: fromelf -cvf .\temp_files\DES_M0_SoC.axf -o .\temp_files\disasm.txt
".\temp_files\DES_M0_SoC.axf" - 0 Error(s), 2 Warning(s).
e" was declared but never referenced
        uint8 digitValue;
ledDisplayTestMain.c(196): warning:  #177-D: variable "i" was declared but never referenced
        uint8 i;
ledDisplayTestMain.c: 5 warnings, 2 errors
".\temp_files\DES_M0_SoC.axf" - 2 Error(s), 5 Warning(s).
Target not created
\temp_files\DES_M0_SoC.axf" - 0 Error(s), 5 Warning(s).
