ARM Linker, 5.03 [Build 76] [MDK-ARM Lite]

==============================================================================

Section Cross References

    retarget.o(.text) refers (Special) to use_no_semi_2.o(.text) for __use_no_semihosting
    retarget.o(.text) refers to noretval__2printf.o(.text) for __2printf
    retarget.o(.data) refers (Special) to use_no_semi_2.o(.text) for __use_no_semihosting
    cm0dsasm.o(STACK) refers (Special) to heapauxi.o(.text) for __use_two_region_memory
    cm0dsasm.o(HEAP) refers (Special) to heapauxi.o(.text) for __use_two_region_memory
    cm0dsasm.o(RESET) refers (Special) to heapauxi.o(.text) for __use_two_region_memory
    cm0dsasm.o(RESET) refers to cm0dsasm.o(.text) for Reset_Handler
    cm0dsasm.o(.text) refers (Special) to heapauxi.o(.text) for __use_two_region_memory
    cm0dsasm.o(.text) refers to leddisplaytestmain.o(.text) for SysTick_ISR
    cm0dsasm.o(.text) refers to __main.o(!!!main) for __main
    cm0dsasm.o(.text) refers to cm0dsasm.o(HEAP) for Heap_Mem
    cm0dsasm.o(.text) refers to cm0dsasm.o(STACK) for Stack_Mem
    leddisplaytestmain.o(.text) refers to leddisplaytestmain.o(i.__ARM_common_switch8) for __ARM_common_switch8
    leddisplaytestmain.o(.text) refers to aeabi_sdiv.o(.text) for __aeabi_idivmod
    leddisplaytestmain.o(.text) refers to dflti.o(.text) for __aeabi_i2d
    leddisplaytestmain.o(.text) refers to pow.o(i.pow) for pow
    leddisplaytestmain.o(.text) refers to dmul.o(.text) for __aeabi_dmul
    leddisplaytestmain.o(.text) refers to daddsub.o(.text) for __aeabi_dadd
    leddisplaytestmain.o(.text) refers to dfixui.o(.text) for __aeabi_d2uiz
    use_no_semi_2.o(.text) refers (Special) to use_no_semi.o(.text) for __use_no_semihosting_swi
    __2printf.o(.text) refers to _printf_char_file.o(.text) for _printf_char_file
    __2printf.o(.text) refers to retarget.o(.data) for __stdout
    noretval__2printf.o(.text) refers to _printf_char_file.o(.text) for _printf_char_file
    noretval__2printf.o(.text) refers to retarget.o(.data) for __stdout
    __main.o(!!!main) refers to rtentry.o(.ARM.Collect$$rtentry$$00000000) for __rt_entry
    daddsub.o(.text) refers (Special) to usenofp.o(x$fpl$usenofp) for __I$use$fp
    dfixui.o(.text) refers (Special) to usenofp.o(x$fpl$usenofp) for __I$use$fp
    dflti.o(.text) refers (Special) to usenofp.o(x$fpl$usenofp) for __I$use$fp
    dmul.o(.text) refers (Special) to usenofp.o(x$fpl$usenofp) for __I$use$fp
    pow.o(i.__softfp_pow) refers (Special) to usenofp.o(x$fpl$usenofp) for __I$use$fp
    pow.o(i.__softfp_pow) refers to pow.o(i.pow) for pow
    pow.o(i.pow) refers (Special) to usenofp.o(x$fpl$usenofp) for __I$use$fp
    pow.o(i.pow) refers to daddsub.o(.text) for __aeabi_dadd
    pow.o(i.pow) refers to _rserrno.o(.text) for __set_errno
    pow.o(i.pow) refers to ddiv.o(.text) for __aeabi_ddiv
    pow.o(i.pow) refers to sqrt.o(i.sqrt) for sqrt
    pow.o(i.pow) refers to dscalbn.o(.text) for __ARM_scalbn
    pow.o(i.pow) refers to dunder.o(i.__mathlib_dbl_underflow) for __mathlib_dbl_underflow
    pow.o(i.pow) refers to dmul.o(.text) for __aeabi_dmul
    pow.o(i.pow) refers to qnan.o(.constdata) for __mathlib_zero
    pow.o(i.pow) refers to pow.o(.constdata) for .constdata
    pow.o(i.pow) refers to poly.o(i.__kernel_poly) for __kernel_poly
    pow.o(i.pow) refers to dflti.o(.text) for __aeabi_i2d
    pow.o(i.pow) refers to drlef.o(x$fpl$drleqf) for __aeabi_cdrcmple
    pow.o(i.pow) refers to fpclassify.o(i.__ARM_fpclassify) for __ARM_fpclassify
    pow.o(.constdata) refers (Special) to usenofp.o(x$fpl$usenofp) for __I$use$fp
    pow_x.o(i.____softfp_pow$lsc) refers (Special) to usenofp.o(x$fpl$usenofp) for __I$use$fp
    pow_x.o(i.____softfp_pow$lsc) refers to pow_x.o(i.__pow$lsc) for __pow$lsc
    pow_x.o(i.__pow$lsc) refers (Special) to usenofp.o(x$fpl$usenofp) for __I$use$fp
    pow_x.o(i.__pow$lsc) refers to daddsub.o(.text) for __aeabi_dadd
    pow_x.o(i.__pow$lsc) refers to _rserrno.o(.text) for __set_errno
    pow_x.o(i.__pow$lsc) refers to ddiv.o(.text) for __aeabi_ddiv
    pow_x.o(i.__pow$lsc) refers to sqrt.o(i.sqrt) for sqrt
    pow_x.o(i.__pow$lsc) refers to dflti.o(.text) for __aeabi_i2d
    pow_x.o(i.__pow$lsc) refers to dscalbn.o(.text) for __ARM_scalbn
    pow_x.o(i.__pow$lsc) refers to dmul.o(.text) for __aeabi_dmul
    pow_x.o(i.__pow$lsc) refers to qnan.o(.constdata) for __mathlib_zero
    pow_x.o(i.__pow$lsc) refers to poly.o(i.__kernel_poly) for __kernel_poly
    pow_x.o(i.__pow$lsc) refers to drlef.o(x$fpl$drleqf) for __aeabi_cdrcmple
    pow_x.o(i.__pow$lsc) refers to pow_x.o(.constdata) for .constdata
    pow_x.o(.constdata) refers (Special) to usenofp.o(x$fpl$usenofp) for __I$use$fp
    rtentry.o(.ARM.Collect$$rtentry$$00000000) refers (Special) to rtentry2.o(.ARM.Collect$$rtentry$$0000000A) for __rt_entry_li
    rtentry.o(.ARM.Collect$$rtentry$$00000000) refers (Special) to rtentry2.o(.ARM.Collect$$rtentry$$0000000D) for __rt_entry_main
    rtentry.o(.ARM.Collect$$rtentry$$00000000) refers (Special) to rtentry2.o(.ARM.Collect$$rtentry$$0000000C) for __rt_entry_postli_1
    rtentry.o(.ARM.Collect$$rtentry$$00000000) refers (Special) to rtentry2.o(.ARM.Collect$$rtentry$$00000009) for __rt_entry_postsh_1
    rtentry.o(.ARM.Collect$$rtentry$$00000000) refers (Special) to rtentry2.o(.ARM.Collect$$rtentry$$00000002) for __rt_entry_presh_1
    rtentry.o(.ARM.Collect$$rtentry$$00000000) refers (Special) to rtentry4.o(.ARM.Collect$$rtentry$$00000004) for __rt_entry_sh
    aeabi_idiv0_sigfpe.o(.text) refers to rt_div0.o(.text) for __rt_div0
    _rserrno.o(.text) refers to rt_errno_addr_intlibspace.o(.text) for __aeabi_errno_addr
    _printf_char_file.o(.text) refers to _printf_char_common.o(.text) for _printf_char_common
    _printf_char_file.o(.text) refers to retarget.o(.text) for ferror
    ddiv.o(.text) refers (Special) to usenofp.o(x$fpl$usenofp) for __I$use$fp
    ddiv.o(.text) refers to ddiv.o(.constdata) for .constdata
    ddiv.o(.constdata) refers (Special) to usenofp.o(x$fpl$usenofp) for __I$use$fp
    drlef.o(x$fpl$drleqf) refers (Special) to usenofp.o(x$fpl$usenofp) for __I$use$fp
    drlef.o(x$fpl$drleqf) refers to dcmpin.o(.text) for __fpl_dcmp_InfNaN
    dscalbn.o(.text) refers (Special) to usenofp.o(x$fpl$usenofp) for __I$use$fp
    dunder.o(i.__mathlib_dbl_underflow) refers to dscalbn.o(.text) for __ARM_scalbn
    fpclassify.o(i.__ARM_fpclassify) refers (Special) to usenofp.o(x$fpl$usenofp) for __I$use$fp
    poly.o(i.__kernel_poly) refers (Special) to usenofp.o(x$fpl$usenofp) for __I$use$fp
    poly.o(i.__kernel_poly) refers to dmul.o(.text) for __aeabi_dmul
    poly.o(i.__kernel_poly) refers to daddsub.o(.text) for __aeabi_dadd
    qnan.o(.constdata) refers (Special) to usenofp.o(x$fpl$usenofp) for __I$use$fp
    sqrt.o(i.__softfp_sqrt) refers (Special) to usenofp.o(x$fpl$usenofp) for __I$use$fp
    sqrt.o(i.__softfp_sqrt) refers to dsqrt.o(.text) for _dsqrt
    sqrt.o(i.__softfp_sqrt) refers to _rserrno.o(.text) for __set_errno
    sqrt.o(i.sqrt) refers (Special) to usenofp.o(x$fpl$usenofp) for __I$use$fp
    sqrt.o(i.sqrt) refers to dsqrt.o(.text) for _dsqrt
    sqrt.o(i.sqrt) refers to _rserrno.o(.text) for __set_errno
    sqrt_x.o(i.____softfp_sqrt$lsc) refers (Special) to usenofp.o(x$fpl$usenofp) for __I$use$fp
    sqrt_x.o(i.____softfp_sqrt$lsc) refers to dlef.o(x$fpl$dleqf) for __aeabi_cdcmple
    sqrt_x.o(i.____softfp_sqrt$lsc) refers to _rserrno.o(.text) for __set_errno
    sqrt_x.o(i.____softfp_sqrt$lsc) refers to dsqrt.o(.text) for _dsqrt
    sqrt_x.o(i.__sqrt$lsc) refers (Special) to usenofp.o(x$fpl$usenofp) for __I$use$fp
    sqrt_x.o(i.__sqrt$lsc) refers to dlef.o(x$fpl$dleqf) for __aeabi_cdcmple
    sqrt_x.o(i.__sqrt$lsc) refers to _rserrno.o(.text) for __set_errno
    sqrt_x.o(i.__sqrt$lsc) refers to dsqrt.o(.text) for _dsqrt
    rtentry2.o(.ARM.Collect$$rtentry$$00000008) refers to boardinit2.o(.text) for _platform_post_stackheap_init
    rtentry2.o(.ARM.Collect$$rtentry$$0000000A) refers to libinit.o(.ARM.Collect$$libinit$$00000000) for __rt_lib_init
    rtentry2.o(.ARM.Collect$$rtentry$$0000000B) refers to boardinit3.o(.text) for _platform_post_lib_init
    rtentry2.o(.ARM.Collect$$rtentry$$0000000D) refers to leddisplaytestmain.o(.text) for main
    rtentry2.o(.ARM.Collect$$rtentry$$0000000D) refers to exit.o(.text) for exit
    rtentry2.o(.ARM.exidx) refers to rtentry2.o(.ARM.Collect$$rtentry$$00000001) for .ARM.Collect$$rtentry$$00000001
    rtentry2.o(.ARM.exidx) refers to rtentry2.o(.ARM.Collect$$rtentry$$00000008) for .ARM.Collect$$rtentry$$00000008
    rtentry2.o(.ARM.exidx) refers to rtentry2.o(.ARM.Collect$$rtentry$$0000000A) for .ARM.Collect$$rtentry$$0000000A
    rtentry2.o(.ARM.exidx) refers to rtentry2.o(.ARM.Collect$$rtentry$$0000000B) for .ARM.Collect$$rtentry$$0000000B
    rtentry2.o(.ARM.exidx) refers to rtentry2.o(.ARM.Collect$$rtentry$$0000000D) for .ARM.Collect$$rtentry$$0000000D
    rtentry4.o(.ARM.Collect$$rtentry$$00000004) refers to sys_stackheap_outer.o(.text) for __user_setup_stackheap
    rtentry4.o(.ARM.exidx) refers to rtentry4.o(.ARM.Collect$$rtentry$$00000004) for .ARM.Collect$$rtentry$$00000004
    rt_div0.o(.text) refers to defsig_fpe_outer.o(.text) for __rt_SIGFPE
    rt_errno_addr.o(.text) refers to rt_errno_addr.o(.bss) for __aeabi_errno_addr_data
    rt_errno_addr_intlibspace.o(.text) refers to libspace.o(.bss) for __libspace_start
    _printf_char_common.o(.text) refers to __printf_nopercent.o(.text) for __printf
    dcmpin.o(.text) refers (Special) to usenofp.o(x$fpl$usenofp) for __I$use$fp
    dcmpin.o(.text) refers to cmpret.o(.text) for __fpl_cmpreturn
    dcmpin.o(.text) refers to dnan2.o(.text) for __fpl_dcheck_NaN2
    dlef.o(x$fpl$dleqf) refers (Special) to usenofp.o(x$fpl$usenofp) for __I$use$fp
    dlef.o(x$fpl$dleqf) refers to dcmpin.o(.text) for __fpl_dcmp_InfNaN
    dsqrt.o(.text) refers (Special) to usenofp.o(x$fpl$usenofp) for __I$use$fp
    libspace.o(.text) refers to libspace.o(.bss) for __libspace_start
    sys_stackheap_outer.o(.text) refers to libspace.o(.text) for __user_perproc_libspace
    sys_stackheap_outer.o(.text) refers to cm0dsasm.o(.text) for __user_initial_stackheap
    sys_stackheap_outer.o(__vectab_stack_and_reset_area) refers to tempstk.o(.text) for __temporary_stack_top
    sys_stackheap_outer.o(__vectab_stack_and_reset_area) refers to __main.o(!!!main) for __main
    exit.o(.text) refers to rtexit.o(.ARM.Collect$$rtexit$$00000000) for __rt_exit
    defsig_fpe_outer.o(.text) refers to defsig_fpe_inner.o(.text) for __rt_SIGFPE_inner
    defsig_fpe_outer.o(.text) refers to defsig_exit.o(.text) for __sig_exit
    defsig_fpe_formal.o(.text) refers to rt_raise.o(.text) for __rt_raise
    libinit.o(.ARM.Collect$$libinit$$00000000) refers (Special) to libinit2.o(.ARM.Collect$$libinit$$0000002C) for __rt_lib_init_alloca_1
    libinit.o(.ARM.Collect$$libinit$$00000000) refers (Special) to libinit2.o(.ARM.Collect$$libinit$$0000002A) for __rt_lib_init_argv_1
    libinit.o(.ARM.Collect$$libinit$$00000000) refers (Special) to libinit2.o(.ARM.Collect$$libinit$$00000019) for __rt_lib_init_atexit_1
    libinit.o(.ARM.Collect$$libinit$$00000000) refers (Special) to libinit2.o(.ARM.Collect$$libinit$$0000001F) for __rt_lib_init_clock_1
    libinit.o(.ARM.Collect$$libinit$$00000000) refers (Special) to libinit2.o(.ARM.Collect$$libinit$$00000030) for __rt_lib_init_cpp_1
    libinit.o(.ARM.Collect$$libinit$$00000000) refers (Special) to libinit2.o(.ARM.Collect$$libinit$$0000002E) for __rt_lib_init_exceptions_1
    libinit.o(.ARM.Collect$$libinit$$00000000) refers (Special) to libinit2.o(.ARM.Collect$$libinit$$00000001) for __rt_lib_init_fp_1
    libinit.o(.ARM.Collect$$libinit$$00000000) refers (Special) to libinit2.o(.ARM.Collect$$libinit$$0000001D) for __rt_lib_init_fp_trap_1
    libinit.o(.ARM.Collect$$libinit$$00000000) refers (Special) to libinit2.o(.ARM.Collect$$libinit$$00000021) for __rt_lib_init_getenv_1
    libinit.o(.ARM.Collect$$libinit$$00000000) refers (Special) to libinit2.o(.ARM.Collect$$libinit$$00000008) for __rt_lib_init_heap_1
    libinit.o(.ARM.Collect$$libinit$$00000000) refers (Special) to libinit2.o(.ARM.Collect$$libinit$$0000000F) for __rt_lib_init_lc_collate_1
    libinit.o(.ARM.Collect$$libinit$$00000000) refers (Special) to libinit2.o(.ARM.Collect$$libinit$$00000011) for __rt_lib_init_lc_ctype_1
    libinit.o(.ARM.Collect$$libinit$$00000000) refers (Special) to libinit2.o(.ARM.Collect$$libinit$$00000013) for __rt_lib_init_lc_monetary_1
    libinit.o(.ARM.Collect$$libinit$$00000000) refers (Special) to libinit2.o(.ARM.Collect$$libinit$$00000015) for __rt_lib_init_lc_numeric_1
    libinit.o(.ARM.Collect$$libinit$$00000000) refers (Special) to libinit2.o(.ARM.Collect$$libinit$$00000017) for __rt_lib_init_lc_time_1
    libinit.o(.ARM.Collect$$libinit$$00000000) refers (Special) to libinit2.o(.ARM.Collect$$libinit$$0000000C) for __rt_lib_init_rand_1
    libinit.o(.ARM.Collect$$libinit$$00000000) refers (Special) to libinit2.o(.ARM.Collect$$libinit$$00000031) for __rt_lib_init_return
    libinit.o(.ARM.Collect$$libinit$$00000000) refers (Special) to libinit2.o(.ARM.Collect$$libinit$$0000001B) for __rt_lib_init_signal_1
    libinit.o(.ARM.Collect$$libinit$$00000000) refers (Special) to libinit2.o(.ARM.Collect$$libinit$$00000023) for __rt_lib_init_stdio_1
    libinit.o(.ARM.Collect$$libinit$$00000000) refers (Special) to libinit2.o(.ARM.Collect$$libinit$$0000000A) for __rt_lib_init_user_alloc_1
    cmpret.o(.text) refers (Special) to usenofp.o(x$fpl$usenofp) for __I$use$fp
    dnan2.o(.text) refers (Special) to usenofp.o(x$fpl$usenofp) for __I$use$fp
    dnan2.o(.text) refers to retnan.o(.text) for __fpl_return_NaN
    rtexit.o(.ARM.Collect$$rtexit$$00000000) refers (Special) to rtexit2.o(.ARM.Collect$$rtexit$$00000004) for __rt_exit_exit
    rtexit.o(.ARM.Collect$$rtexit$$00000000) refers (Special) to rtexit2.o(.ARM.Collect$$rtexit$$00000003) for __rt_exit_ls
    rtexit.o(.ARM.Collect$$rtexit$$00000000) refers (Special) to rtexit2.o(.ARM.Collect$$rtexit$$00000002) for __rt_exit_prels_1
    rtexit.o(.ARM.exidx) refers (Special) to rtexit2.o(.ARM.Collect$$rtexit$$00000004) for __rt_exit_exit
    rtexit.o(.ARM.exidx) refers (Special) to rtexit2.o(.ARM.Collect$$rtexit$$00000003) for __rt_exit_ls
    rtexit.o(.ARM.exidx) refers (Special) to rtexit2.o(.ARM.Collect$$rtexit$$00000002) for __rt_exit_prels_1
    rtexit.o(.ARM.exidx) refers to rtexit.o(.ARM.Collect$$rtexit$$00000000) for .ARM.Collect$$rtexit$$00000000
    rt_raise.o(.text) refers to __raise.o(.text) for __raise
    rt_raise.o(.text) refers to retarget.o(.text) for _sys_exit
    defsig_exit.o(.text) refers to retarget.o(.text) for _sys_exit
    defsig_fpe_inner.o(.text) refers to defsig_general.o(.text) for __default_signal_display
    libinit2.o(.ARM.Collect$$libinit$$0000000E) refers to libinit2.o(.ARM.Collect$$libinit$$0000000D) for .ARM.Collect$$libinit$$0000000D
    libinit2.o(.ARM.Collect$$libinit$$00000010) refers to libinit2.o(.ARM.Collect$$libinit$$0000000D) for .ARM.Collect$$libinit$$0000000D
    libinit2.o(.ARM.Collect$$libinit$$00000012) refers to libinit2.o(.ARM.Collect$$libinit$$0000000D) for .ARM.Collect$$libinit$$0000000D
    libinit2.o(.ARM.Collect$$libinit$$00000014) refers to libinit2.o(.ARM.Collect$$libinit$$0000000D) for .ARM.Collect$$libinit$$0000000D
    libinit2.o(.ARM.Collect$$libinit$$00000016) refers to libinit2.o(.ARM.Collect$$libinit$$0000000D) for .ARM.Collect$$libinit$$0000000D
    libinit2.o(.ARM.Collect$$libinit$$00000024) refers to argv_veneer.o(.text) for __ARM_argv_veneer
    libinit2.o(.ARM.Collect$$libinit$$00000025) refers to argv_veneer.o(.text) for __ARM_argv_veneer
    retnan.o(.text) refers (Special) to usenofp.o(x$fpl$usenofp) for __I$use$fp
    retnan.o(.text) refers to cmpret.o(.text) for __fpl_cmpreturn
    rtexit2.o(.ARM.Collect$$rtexit$$00000003) refers to libshutdown.o(.ARM.Collect$$libshutdown$$00000000) for __rt_lib_shutdown
    rtexit2.o(.ARM.Collect$$rtexit$$00000004) refers to retarget.o(.text) for _sys_exit
    rtexit2.o(.ARM.exidx) refers to rtexit2.o(.ARM.Collect$$rtexit$$00000001) for .ARM.Collect$$rtexit$$00000001
    rtexit2.o(.ARM.exidx) refers to rtexit2.o(.ARM.Collect$$rtexit$$00000003) for .ARM.Collect$$rtexit$$00000003
    rtexit2.o(.ARM.exidx) refers to rtexit2.o(.ARM.Collect$$rtexit$$00000004) for .ARM.Collect$$rtexit$$00000004
    __raise.o(.text) refers to defsig.o(CL$$defsig) for __default_signal_handler
    defsig_general.o(.text) refers to sys_wrch.o(.text) for _ttywrch
    sys_wrch.o(.text) refers (Special) to use_no_semi.o(.text) for __I$use$semihosting
    sys_wrch.o(.text) refers (Special) to indicate_semi.o(.text) for __semihosting_library_function
    defsig.o(CL$$defsig) refers to defsig_fpe_inner.o(.text) for __rt_SIGFPE_inner
    defsig.o(CL$$defsig) refers to defsig_rtmem_inner.o(.text) for __rt_SIGRTMEM_inner
    _get_argv_nomalloc.o(.text) refers (Special) to hrguard.o(.text) for __heap_region$guard
    _get_argv_nomalloc.o(.text) refers to defsig_rtmem_outer.o(.text) for __rt_SIGRTMEM
    _get_argv_nomalloc.o(.text) refers to sys_command.o(.text) for _sys_command_string
    libshutdown.o(.ARM.Collect$$libshutdown$$00000000) refers (Special) to libshutdown2.o(.ARM.Collect$$libshutdown$$00000006) for __rt_lib_shutdown_fp_trap_1
    libshutdown.o(.ARM.Collect$$libshutdown$$00000000) refers (Special) to libshutdown2.o(.ARM.Collect$$libshutdown$$0000000E) for __rt_lib_shutdown_heap_1
    libshutdown.o(.ARM.Collect$$libshutdown$$00000000) refers (Special) to libshutdown2.o(.ARM.Collect$$libshutdown$$0000000F) for __rt_lib_shutdown_return
    libshutdown.o(.ARM.Collect$$libshutdown$$00000000) refers (Special) to libshutdown2.o(.ARM.Collect$$libshutdown$$00000009) for __rt_lib_shutdown_signal_1
    libshutdown.o(.ARM.Collect$$libshutdown$$00000000) refers (Special) to libshutdown2.o(.ARM.Collect$$libshutdown$$00000003) for __rt_lib_shutdown_stdio_1
    libshutdown.o(.ARM.Collect$$libshutdown$$00000000) refers (Special) to libshutdown2.o(.ARM.Collect$$libshutdown$$0000000B) for __rt_lib_shutdown_user_alloc_1
    sys_command.o(.text) refers (Special) to use_no_semi.o(.text) for __I$use$semihosting
    sys_command.o(.text) refers (Special) to indicate_semi.o(.text) for __semihosting_library_function
    defsig_abrt_inner.o(.text) refers to defsig_general.o(.text) for __default_signal_display
    defsig_rtred_inner.o(.text) refers to defsig_general.o(.text) for __default_signal_display
    defsig_rtmem_inner.o(.text) refers to defsig_general.o(.text) for __default_signal_display
    defsig_rtmem_outer.o(.text) refers to defsig_rtmem_inner.o(.text) for __rt_SIGRTMEM_inner
    defsig_rtmem_outer.o(.text) refers to defsig_exit.o(.text) for __sig_exit
    defsig_rtmem_formal.o(.text) refers to rt_raise.o(.text) for __rt_raise
    defsig_stak_inner.o(.text) refers to defsig_general.o(.text) for __default_signal_display
    defsig_pvfn_inner.o(.text) refers to defsig_general.o(.text) for __default_signal_display
    defsig_cppl_inner.o(.text) refers to defsig_general.o(.text) for __default_signal_display
    defsig_segv_inner.o(.text) refers to defsig_general.o(.text) for __default_signal_display
    defsig_other.o(.text) refers to defsig_general.o(.text) for __default_signal_display


==============================================================================

Removing Unused input sections from the image.

    Removing leddisplaytestmain.o(.bss), (100 bytes).
    Removing leddisplaytestmain.o(.data), (2 bytes).

2 unused section(s) (total 102 bytes) removed from the image.

==============================================================================

Image Symbol Table

    Local Symbols

    Symbol Name                              Value     Ov Type        Size  Object(Section)

    RESET                                    0x00000000   Section      128  cm0dsasm.o(RESET)
    ../clib/angel/boardlib.s                 0x00000000   Number         0  boardinit3.o ABSOLUTE
    ../clib/angel/boardlib.s                 0x00000000   Number         0  boardinit1.o ABSOLUTE
    ../clib/angel/boardlib.s                 0x00000000   Number         0  boardinit2.o ABSOLUTE
    ../clib/angel/boardlib.s                 0x00000000   Number         0  boardshut.o ABSOLUTE
    ../clib/angel/handlers.s                 0x00000000   Number         0  __scatter_zi.o ABSOLUTE
    ../clib/angel/handlers.s                 0x00000000   Number         0  __scatter_copy.o ABSOLUTE
    ../clib/angel/kernel.s                   0x00000000   Number         0  rtentry2.o ABSOLUTE
    ../clib/angel/kernel.s                   0x00000000   Number         0  rtentry4.o ABSOLUTE
    ../clib/angel/kernel.s                   0x00000000   Number         0  rtexit2.o ABSOLUTE
    ../clib/angel/kernel.s                   0x00000000   Number         0  rtentry.o ABSOLUTE
    ../clib/angel/kernel.s                   0x00000000   Number         0  rtexit.o ABSOLUTE
    ../clib/angel/rt.s                       0x00000000   Number         0  rt_errno_addr_intlibspace.o ABSOLUTE
    ../clib/angel/rt.s                       0x00000000   Number         0  rt_div0.o ABSOLUTE
    ../clib/angel/rt.s                       0x00000000   Number         0  rt_errno_addr.o ABSOLUTE
    ../clib/angel/rt.s                       0x00000000   Number         0  aeabi_idiv0_sigfpe.o ABSOLUTE
    ../clib/angel/rt.s                       0x00000000   Number         0  aeabi_idiv0.o ABSOLUTE
    ../clib/angel/rt.s                       0x00000000   Number         0  rt_raise.o ABSOLUTE
    ../clib/angel/scatterp.s                 0x00000000   Number         0  __scatter.o ABSOLUTE
    ../clib/angel/startup.s                  0x00000000   Number         0  __main.o ABSOLUTE
    ../clib/angel/sys.s                      0x00000000   Number         0  use_no_semi_2.o ABSOLUTE
    ../clib/angel/sys.s                      0x00000000   Number         0  tempstk.o ABSOLUTE
    ../clib/angel/sys.s                      0x00000000   Number         0  libspace.o ABSOLUTE
    ../clib/angel/sys.s                      0x00000000   Number         0  use_no_semi.o ABSOLUTE
    ../clib/angel/sys.s                      0x00000000   Number         0  indicate_semi.o ABSOLUTE
    ../clib/angel/sys.s                      0x00000000   Number         0  sys_stackheap_outer.o ABSOLUTE
    ../clib/angel/sysapp.c                   0x00000000   Number         0  sys_command.o ABSOLUTE
    ../clib/angel/sysapp.c                   0x00000000   Number         0  sys_wrch.o ABSOLUTE
    ../clib/armsys.c                         0x00000000   Number         0  _get_argv_nomalloc.o ABSOLUTE
    ../clib/armsys.c                         0x00000000   Number         0  no_argv.o ABSOLUTE
    ../clib/armsys.c                         0x00000000   Number         0  argv_veneer.o ABSOLUTE
    ../clib/division.s                       0x00000000   Number         0  aeabi_sdiv_div0.o ABSOLUTE
    ../clib/division.s                       0x00000000   Number         0  aeabi_sdiv.o ABSOLUTE
    ../clib/fenv.c                           0x00000000   Number         0  _rserrno.o ABSOLUTE
    ../clib/heapalloc.c                      0x00000000   Number         0  hrguard.o ABSOLUTE
    ../clib/heapaux.c                        0x00000000   Number         0  heapauxi.o ABSOLUTE
    ../clib/libinit.s                        0x00000000   Number         0  libinit2.o ABSOLUTE
    ../clib/libinit.s                        0x00000000   Number         0  libinit.o ABSOLUTE
    ../clib/libinit.s                        0x00000000   Number         0  libshutdown.o ABSOLUTE
    ../clib/libinit.s                        0x00000000   Number         0  libshutdown2.o ABSOLUTE
    ../clib/printf.c                         0x00000000   Number         0  noretval__2printf.o ABSOLUTE
    ../clib/printf.c                         0x00000000   Number         0  __printf_nopercent.o ABSOLUTE
    ../clib/printf.c                         0x00000000   Number         0  _printf_char_common.o ABSOLUTE
    ../clib/printf.c                         0x00000000   Number         0  __2printf.o ABSOLUTE
    ../clib/printf.c                         0x00000000   Number         0  _printf_char_file.o ABSOLUTE
    ../clib/signal.c                         0x00000000   Number         0  defsig_abrt_inner.o ABSOLUTE
    ../clib/signal.c                         0x00000000   Number         0  defsig_segv_inner.o ABSOLUTE
    ../clib/signal.c                         0x00000000   Number         0  defsig_general.o ABSOLUTE
    ../clib/signal.c                         0x00000000   Number         0  __raise.o ABSOLUTE
    ../clib/signal.c                         0x00000000   Number         0  defsig_fpe_inner.o ABSOLUTE
    ../clib/signal.c                         0x00000000   Number         0  defsig_exit.o ABSOLUTE
    ../clib/signal.c                         0x00000000   Number         0  defsig_fpe_formal.o ABSOLUTE
    ../clib/signal.c                         0x00000000   Number         0  defsig_fpe_outer.o ABSOLUTE
    ../clib/signal.c                         0x00000000   Number         0  defsig_other.o ABSOLUTE
    ../clib/signal.c                         0x00000000   Number         0  defsig_cppl_inner.o ABSOLUTE
    ../clib/signal.c                         0x00000000   Number         0  defsig_pvfn_inner.o ABSOLUTE
    ../clib/signal.c                         0x00000000   Number         0  defsig_stak_inner.o ABSOLUTE
    ../clib/signal.c                         0x00000000   Number         0  defsig_rtmem_formal.o ABSOLUTE
    ../clib/signal.c                         0x00000000   Number         0  defsig_rtmem_outer.o ABSOLUTE
    ../clib/signal.c                         0x00000000   Number         0  defsig_rtmem_inner.o ABSOLUTE
    ../clib/signal.c                         0x00000000   Number         0  defsig_rtred_inner.o ABSOLUTE
    ../clib/signal.s                         0x00000000   Number         0  defsig.o ABSOLUTE
    ../clib/stdlib.c                         0x00000000   Number         0  exit.o ABSOLUTE
    ../fplib/cfplib/cmpret.c                 0x00000000   Number         0  cmpret.o ABSOLUTE
    ../fplib/cfplib/daddsub.c                0x00000000   Number         0  daddsub.o ABSOLUTE
    ../fplib/cfplib/dcmpin.c                 0x00000000   Number         0  dcmpin.o ABSOLUTE
    ../fplib/cfplib/ddiv.c                   0x00000000   Number         0  ddiv.o ABSOLUTE
    ../fplib/cfplib/dmul.c                   0x00000000   Number         0  dmul.o ABSOLUTE
    ../fplib/cfplib/dsqrt.c                  0x00000000   Number         0  dsqrt.o ABSOLUTE
    ../fplib/cfplib/ffix.c                   0x00000000   Number         0  dfixui.o ABSOLUTE
    ../fplib/cfplib/fflt.c                   0x00000000   Number         0  dflti.o ABSOLUTE
    ../fplib/cfplib/fpinit.c                 0x00000000   Number         0  fpinit.o ABSOLUTE
    ../fplib/cfplib/nan2.c                   0x00000000   Number         0  dnan2.o ABSOLUTE
    ../fplib/cfplib/retnan.c                 0x00000000   Number         0  retnan.o ABSOLUTE
    ../fplib/cfplib/scalbn.c                 0x00000000   Number         0  dscalbn.o ABSOLUTE
    ../fplib/dleqf6m.s                       0x00000000   Number         0  dlef.o ABSOLUTE
    ../fplib/drleqf6m.s                      0x00000000   Number         0  drlef.o ABSOLUTE
    ../fplib/usenofp.s                       0x00000000   Number         0  usenofp.o ABSOLUTE
    ../mathlib/dunder.c                      0x00000000   Number         0  dunder.o ABSOLUTE
    ../mathlib/fpclassify.c                  0x00000000   Number         0  fpclassify.o ABSOLUTE
    ../mathlib/poly.c                        0x00000000   Number         0  poly.o ABSOLUTE
    ../mathlib/pow.c                         0x00000000   Number         0  pow.o ABSOLUTE
    ../mathlib/pow.c                         0x00000000   Number         0  pow_x.o ABSOLUTE
    ../mathlib/qnan.c                        0x00000000   Number         0  qnan.o ABSOLUTE
    ../mathlib/sqrt.c                        0x00000000   Number         0  sqrt.o ABSOLUTE
    ../mathlib/sqrt.c                        0x00000000   Number         0  sqrt_x.o ABSOLUTE
    cm0dsasm.s                               0x00000000   Number         0  cm0dsasm.o ABSOLUTE
    dc.s                                     0x00000000   Number         0  dc.o ABSOLUTE
    ledDisplayTestMain.c                     0x00000000   Number         0  leddisplaytestmain.o ABSOLUTE
    retarget.c                               0x00000000   Number         0  retarget.o ABSOLUTE
    !!!main                                  0x00000080   Section        8  __main.o(!!!main)
    !!!scatter                               0x00000088   Section       60  __scatter.o(!!!scatter)
    !!handler_copy                           0x000000c4   Section       26  __scatter_copy.o(!!handler_copy)
    !!handler_zi                             0x000000e0   Section       28  __scatter_zi.o(!!handler_zi)
    .ARM.Collect$$libinit$$00000000          0x000000fc   Section        2  libinit.o(.ARM.Collect$$libinit$$00000000)
    .ARM.Collect$$libinit$$00000001          0x000000fe   Section        4  libinit2.o(.ARM.Collect$$libinit$$00000001)
    .ARM.Collect$$libinit$$00000008          0x00000102   Section        0  libinit2.o(.ARM.Collect$$libinit$$00000008)
    .ARM.Collect$$libinit$$0000000A          0x00000102   Section        0  libinit2.o(.ARM.Collect$$libinit$$0000000A)
    .ARM.Collect$$libinit$$0000000C          0x00000102   Section        0  libinit2.o(.ARM.Collect$$libinit$$0000000C)
    .ARM.Collect$$libinit$$0000000F          0x00000102   Section        0  libinit2.o(.ARM.Collect$$libinit$$0000000F)
    .ARM.Collect$$libinit$$00000011          0x00000102   Section        0  libinit2.o(.ARM.Collect$$libinit$$00000011)
    .ARM.Collect$$libinit$$00000013          0x00000102   Section        0  libinit2.o(.ARM.Collect$$libinit$$00000013)
    .ARM.Collect$$libinit$$00000015          0x00000102   Section        0  libinit2.o(.ARM.Collect$$libinit$$00000015)
    .ARM.Collect$$libinit$$00000017          0x00000102   Section        0  libinit2.o(.ARM.Collect$$libinit$$00000017)
    .ARM.Collect$$libinit$$00000019          0x00000102   Section        0  libinit2.o(.ARM.Collect$$libinit$$00000019)
    .ARM.Collect$$libinit$$0000001B          0x00000102   Section        0  libinit2.o(.ARM.Collect$$libinit$$0000001B)
    .ARM.Collect$$libinit$$0000001D          0x00000102   Section        0  libinit2.o(.ARM.Collect$$libinit$$0000001D)
    .ARM.Collect$$libinit$$0000001F          0x00000102   Section        0  libinit2.o(.ARM.Collect$$libinit$$0000001F)
    .ARM.Collect$$libinit$$00000021          0x00000102   Section        0  libinit2.o(.ARM.Collect$$libinit$$00000021)
    .ARM.Collect$$libinit$$00000023          0x00000102   Section        0  libinit2.o(.ARM.Collect$$libinit$$00000023)
    .ARM.Collect$$libinit$$0000002A          0x00000102   Section        0  libinit2.o(.ARM.Collect$$libinit$$0000002A)
    .ARM.Collect$$libinit$$0000002C          0x00000102   Section        0  libinit2.o(.ARM.Collect$$libinit$$0000002C)
    .ARM.Collect$$libinit$$0000002E          0x00000102   Section        0  libinit2.o(.ARM.Collect$$libinit$$0000002E)
    .ARM.Collect$$libinit$$00000030          0x00000102   Section        0  libinit2.o(.ARM.Collect$$libinit$$00000030)
    .ARM.Collect$$libinit$$00000031          0x00000102   Section        2  libinit2.o(.ARM.Collect$$libinit$$00000031)
    .ARM.Collect$$libshutdown$$00000000      0x00000104   Section        2  libshutdown.o(.ARM.Collect$$libshutdown$$00000000)
    .ARM.Collect$$libshutdown$$00000003      0x00000106   Section        0  libshutdown2.o(.ARM.Collect$$libshutdown$$00000003)
    .ARM.Collect$$libshutdown$$00000006      0x00000106   Section        0  libshutdown2.o(.ARM.Collect$$libshutdown$$00000006)
    .ARM.Collect$$libshutdown$$00000009      0x00000106   Section        0  libshutdown2.o(.ARM.Collect$$libshutdown$$00000009)
    .ARM.Collect$$libshutdown$$0000000B      0x00000106   Section        0  libshutdown2.o(.ARM.Collect$$libshutdown$$0000000B)
    .ARM.Collect$$libshutdown$$0000000E      0x00000106   Section        0  libshutdown2.o(.ARM.Collect$$libshutdown$$0000000E)
    .ARM.Collect$$libshutdown$$0000000F      0x00000106   Section        2  libshutdown2.o(.ARM.Collect$$libshutdown$$0000000F)
    .ARM.Collect$$rtentry$$00000000          0x00000108   Section        0  rtentry.o(.ARM.Collect$$rtentry$$00000000)
    .ARM.Collect$$rtentry$$00000002          0x00000108   Section        0  rtentry2.o(.ARM.Collect$$rtentry$$00000002)
    .ARM.Collect$$rtentry$$00000004          0x00000108   Section        6  rtentry4.o(.ARM.Collect$$rtentry$$00000004)
    .ARM.Collect$$rtentry$$00000009          0x0000010e   Section        0  rtentry2.o(.ARM.Collect$$rtentry$$00000009)
    .ARM.Collect$$rtentry$$0000000A          0x0000010e   Section        4  rtentry2.o(.ARM.Collect$$rtentry$$0000000A)
    .ARM.Collect$$rtentry$$0000000C          0x00000112   Section        0  rtentry2.o(.ARM.Collect$$rtentry$$0000000C)
    .ARM.Collect$$rtentry$$0000000D          0x00000112   Section        8  rtentry2.o(.ARM.Collect$$rtentry$$0000000D)
    .ARM.Collect$$rtexit$$00000000           0x0000011a   Section        2  rtexit.o(.ARM.Collect$$rtexit$$00000000)
    .ARM.Collect$$rtexit$$00000002           0x0000011c   Section        0  rtexit2.o(.ARM.Collect$$rtexit$$00000002)
    .ARM.Collect$$rtexit$$00000003           0x0000011c   Section        4  rtexit2.o(.ARM.Collect$$rtexit$$00000003)
    .ARM.Collect$$rtexit$$00000004           0x00000120   Section        6  rtexit2.o(.ARM.Collect$$rtexit$$00000004)
    .text                                    0x00000128   Section        0  retarget.o(.text)
    .text                                    0x000001b8   Section       52  cm0dsasm.o(.text)
    .text                                    0x000001ec   Section        0  leddisplaytestmain.o(.text)
    .text                                    0x00000364   Section        2  use_no_semi_2.o(.text)
    .text                                    0x00000368   Section        0  noretval__2printf.o(.text)
    .text                                    0x00000384   Section      346  aeabi_sdiv.o(.text)
    .text                                    0x000004de   Section        0  heapauxi.o(.text)
    .text                                    0x000004e4   Section        0  daddsub.o(.text)
    _dadd1                                   0x000004e5   Thumb Code   286  daddsub.o(.text)
    _dsub1                                   0x00000603   Thumb Code   468  daddsub.o(.text)
    .text                                    0x00000830   Section        0  dfixui.o(.text)
    .text                                    0x00000878   Section        0  dflti.o(.text)
    .text                                    0x000008d0   Section        0  dmul.o(.text)
    .text                                    0x00000b28   Section        2  use_no_semi.o(.text)
    .text                                    0x00000b2a   Section        0  _rserrno.o(.text)
    .text                                    0x00000b40   Section        0  _printf_char_file.o(.text)
    .text                                    0x00000b68   Section        0  ddiv.o(.text)
    .text                                    0x00000fb4   Section        0  dscalbn.o(.text)
    .text                                    0x00001010   Section        8  rt_errno_addr_intlibspace.o(.text)
    .text                                    0x00001018   Section        0  _printf_char_common.o(.text)
    _printf_input_char                       0x00001019   Thumb Code    10  _printf_char_common.o(.text)
    .text                                    0x00001048   Section        0  dcmpin.o(.text)
    .text                                    0x000010d8   Section        0  dsqrt.o(.text)
    .text                                    0x000011dc   Section        8  libspace.o(.text)
    .text                                    0x000011e4   Section       62  sys_stackheap_outer.o(.text)
    .text                                    0x00001222   Section        0  __printf_nopercent.o(.text)
    .text                                    0x00001244   Section        0  exit.o(.text)
    .text                                    0x00001250   Section        0  cmpret.o(.text)
    .text                                    0x00001280   Section        0  dnan2.o(.text)
    .text                                    0x00001294   Section        0  retnan.o(.text)
    i.__ARM_common_switch8                   0x000012f2   Section        0  leddisplaytestmain.o(i.__ARM_common_switch8)
    i.__ARM_fpclassify                       0x00001310   Section        0  fpclassify.o(i.__ARM_fpclassify)
    i.__kernel_poly                          0x0000133c   Section        0  poly.o(i.__kernel_poly)
    i.__mathlib_dbl_underflow                0x000013e8   Section        0  dunder.o(i.__mathlib_dbl_underflow)
    i.pow                                    0x000013fc   Section        0  pow.o(i.pow)
    i.sqrt                                   0x00001de4   Section        0  sqrt.o(i.sqrt)
    x$fpl$drleqf                             0x00001e2c   Section      104  drlef.o(x$fpl$drleqf)
    x$fpl$usenofp                            0x00001e94   Section        0  usenofp.o(x$fpl$usenofp)
    .constdata                               0x00001e98   Section      136  pow.o(.constdata)
    bp                                       0x00001e98   Data          16  pow.o(.constdata)
    dp_h                                     0x00001ea8   Data          16  pow.o(.constdata)
    dp_l                                     0x00001eb8   Data          16  pow.o(.constdata)
    L                                        0x00001ec8   Data          48  pow.o(.constdata)
    P                                        0x00001ef8   Data          40  pow.o(.constdata)
    .constdata                               0x00001f20   Section      128  ddiv.o(.constdata)
    ddiv_reciptbl                            0x00001f20   Data         128  ddiv.o(.constdata)
    .constdata                               0x00001fa0   Section        8  qnan.o(.constdata)
    .data                                    0x20000000   Section        8  retarget.o(.data)
    .bss                                     0x20000008   Section       96  libspace.o(.bss)
    HEAP                                     0x20000070   Section     1024  cm0dsasm.o(HEAP)
    Heap_Mem                                 0x20000070   Data        1024  cm0dsasm.o(HEAP)
    STACK                                    0x20000470   Section     1024  cm0dsasm.o(STACK)
    Stack_Mem                                0x20000470   Data        1024  cm0dsasm.o(STACK)

    Global Symbols

    Symbol Name                              Value     Ov Type        Size  Object(Section)

    BuildAttributes$$THM_ISAv3M$S$PE$A:L22$X:L11$S22$IEEE1$IW$USESV6$~STKCKD$USESV7$~SHL$OTIME$ROPI$IEEEX$EBA8$UX$STANDARDLIB$REQ8$PRES8$EABIv2 0x00000000   Number         0  anon$$obj.o ABSOLUTE
    __ARM_use_no_argv                        0x00000000   Number         0  leddisplaytestmain.o ABSOLUTE
    __Vectors                                0x00000000   Data           4  cm0dsasm.o(RESET)
    __ARM_exceptions_init                     - Undefined Weak Reference
    __alloca_initialize                       - Undefined Weak Reference
    __cpp_initialize__aeabi_                  - Undefined Weak Reference
    __cxa_finalize                            - Undefined Weak Reference
    __rt_locale                               - Undefined Weak Reference
    __sigvec_lookup                           - Undefined Weak Reference
    _atexit_init                              - Undefined Weak Reference
    _call_atexit_fns                          - Undefined Weak Reference
    _clock_init                               - Undefined Weak Reference
    _fp_trap_init                             - Undefined Weak Reference
    _fp_trap_shutdown                         - Undefined Weak Reference
    _get_lc_collate                           - Undefined Weak Reference
    _get_lc_ctype                             - Undefined Weak Reference
    _get_lc_monetary                          - Undefined Weak Reference
    _get_lc_numeric                           - Undefined Weak Reference
    _get_lc_time                              - Undefined Weak Reference
    _getenv_init                              - Undefined Weak Reference
    _handle_redirection                       - Undefined Weak Reference
    _init_alloc                               - Undefined Weak Reference
    _init_user_alloc                          - Undefined Weak Reference
    _initio                                   - Undefined Weak Reference
    _rand_init                                - Undefined Weak Reference
    _signal_finish                            - Undefined Weak Reference
    _signal_init                              - Undefined Weak Reference
    _terminate_alloc                          - Undefined Weak Reference
    _terminate_user_alloc                     - Undefined Weak Reference
    _terminateio                              - Undefined Weak Reference
    __main                                   0x00000081   Thumb Code     8  __main.o(!!!main)
    __scatterload                            0x00000089   Thumb Code     0  __scatter.o(!!!scatter)
    __scatterload_rt2                        0x00000089   Thumb Code    52  __scatter.o(!!!scatter)
    __scatterload_rt2_thumb_only             0x00000089   Thumb Code     0  __scatter.o(!!!scatter)
    __scatterload_null                       0x00000099   Thumb Code     0  __scatter.o(!!!scatter)
    __scatterload_copy                       0x000000c5   Thumb Code    26  __scatter_copy.o(!!handler_copy)
    __scatterload_zeroinit                   0x000000e1   Thumb Code    28  __scatter_zi.o(!!handler_zi)
    __rt_lib_init                            0x000000fd   Thumb Code     0  libinit.o(.ARM.Collect$$libinit$$00000000)
    __rt_lib_init_fp_1                       0x000000ff   Thumb Code     0  libinit2.o(.ARM.Collect$$libinit$$00000001)
    __rt_lib_init_alloca_1                   0x00000103   Thumb Code     0  libinit2.o(.ARM.Collect$$libinit$$0000002C)
    __rt_lib_init_argv_1                     0x00000103   Thumb Code     0  libinit2.o(.ARM.Collect$$libinit$$0000002A)
    __rt_lib_init_atexit_1                   0x00000103   Thumb Code     0  libinit2.o(.ARM.Collect$$libinit$$00000019)
    __rt_lib_init_clock_1                    0x00000103   Thumb Code     0  libinit2.o(.ARM.Collect$$libinit$$0000001F)
    __rt_lib_init_cpp_1                      0x00000103   Thumb Code     0  libinit2.o(.ARM.Collect$$libinit$$00000030)
    __rt_lib_init_exceptions_1               0x00000103   Thumb Code     0  libinit2.o(.ARM.Collect$$libinit$$0000002E)
    __rt_lib_init_fp_trap_1                  0x00000103   Thumb Code     0  libinit2.o(.ARM.Collect$$libinit$$0000001D)
    __rt_lib_init_getenv_1                   0x00000103   Thumb Code     0  libinit2.o(.ARM.Collect$$libinit$$00000021)
    __rt_lib_init_heap_1                     0x00000103   Thumb Code     0  libinit2.o(.ARM.Collect$$libinit$$00000008)
    __rt_lib_init_lc_collate_1               0x00000103   Thumb Code     0  libinit2.o(.ARM.Collect$$libinit$$0000000F)
    __rt_lib_init_lc_ctype_1                 0x00000103   Thumb Code     0  libinit2.o(.ARM.Collect$$libinit$$00000011)
    __rt_lib_init_lc_monetary_1              0x00000103   Thumb Code     0  libinit2.o(.ARM.Collect$$libinit$$00000013)
    __rt_lib_init_lc_numeric_1               0x00000103   Thumb Code     0  libinit2.o(.ARM.Collect$$libinit$$00000015)
    __rt_lib_init_lc_time_1                  0x00000103   Thumb Code     0  libinit2.o(.ARM.Collect$$libinit$$00000017)
    __rt_lib_init_rand_1                     0x00000103   Thumb Code     0  libinit2.o(.ARM.Collect$$libinit$$0000000C)
    __rt_lib_init_return                     0x00000103   Thumb Code     0  libinit2.o(.ARM.Collect$$libinit$$00000031)
    __rt_lib_init_signal_1                   0x00000103   Thumb Code     0  libinit2.o(.ARM.Collect$$libinit$$0000001B)
    __rt_lib_init_stdio_1                    0x00000103   Thumb Code     0  libinit2.o(.ARM.Collect$$libinit$$00000023)
    __rt_lib_init_user_alloc_1               0x00000103   Thumb Code     0  libinit2.o(.ARM.Collect$$libinit$$0000000A)
    __rt_lib_shutdown                        0x00000105   Thumb Code     0  libshutdown.o(.ARM.Collect$$libshutdown$$00000000)
    __rt_lib_shutdown_fp_trap_1              0x00000107   Thumb Code     0  libshutdown2.o(.ARM.Collect$$libshutdown$$00000006)
    __rt_lib_shutdown_heap_1                 0x00000107   Thumb Code     0  libshutdown2.o(.ARM.Collect$$libshutdown$$0000000E)
    __rt_lib_shutdown_return                 0x00000107   Thumb Code     0  libshutdown2.o(.ARM.Collect$$libshutdown$$0000000F)
    __rt_lib_shutdown_signal_1               0x00000107   Thumb Code     0  libshutdown2.o(.ARM.Collect$$libshutdown$$00000009)
    __rt_lib_shutdown_stdio_1                0x00000107   Thumb Code     0  libshutdown2.o(.ARM.Collect$$libshutdown$$00000003)
    __rt_lib_shutdown_user_alloc_1           0x00000107   Thumb Code     0  libshutdown2.o(.ARM.Collect$$libshutdown$$0000000B)
    __rt_entry                               0x00000109   Thumb Code     0  rtentry.o(.ARM.Collect$$rtentry$$00000000)
    __rt_entry_presh_1                       0x00000109   Thumb Code     0  rtentry2.o(.ARM.Collect$$rtentry$$00000002)
    __rt_entry_sh                            0x00000109   Thumb Code     0  rtentry4.o(.ARM.Collect$$rtentry$$00000004)
    __rt_entry_li                            0x0000010f   Thumb Code     0  rtentry2.o(.ARM.Collect$$rtentry$$0000000A)
    __rt_entry_postsh_1                      0x0000010f   Thumb Code     0  rtentry2.o(.ARM.Collect$$rtentry$$00000009)
    __rt_entry_main                          0x00000113   Thumb Code     0  rtentry2.o(.ARM.Collect$$rtentry$$0000000D)
    __rt_entry_postli_1                      0x00000113   Thumb Code     0  rtentry2.o(.ARM.Collect$$rtentry$$0000000C)
    __rt_exit                                0x0000011b   Thumb Code     0  rtexit.o(.ARM.Collect$$rtexit$$00000000)
    __rt_exit_ls                             0x0000011d   Thumb Code     0  rtexit2.o(.ARM.Collect$$rtexit$$00000003)
    __rt_exit_prels_1                        0x0000011d   Thumb Code     0  rtexit2.o(.ARM.Collect$$rtexit$$00000002)
    __rt_exit_exit                           0x00000121   Thumb Code     0  rtexit2.o(.ARM.Collect$$rtexit$$00000004)
    uart_out                                 0x00000129   Thumb Code    22  retarget.o(.text)
    uart_in                                  0x0000013f   Thumb Code    22  retarget.o(.text)
    fputc                                    0x00000155   Thumb Code    24  retarget.o(.text)
    fgetc                                    0x0000016d   Thumb Code    32  retarget.o(.text)
    ferror                                   0x0000018d   Thumb Code     6  retarget.o(.text)
    _sys_exit                                0x00000193   Thumb Code    10  retarget.o(.text)
    Reset_Handler                            0x000001b9   Thumb Code     4  cm0dsasm.o(.text)
    SysTick_Handler                          0x000001bd   Thumb Code     8  cm0dsasm.o(.text)
    UART_Handler                             0x000001c5   Thumb Code     8  cm0dsasm.o(.text)
    __user_initial_stackheap                 0x000001cd   Thumb Code     0  cm0dsasm.o(.text)
    SysTick_ISR                              0x000001ed   Thumb Code     2  leddisplaytestmain.o(.text)
    UART_ISR                                 0x000001ef   Thumb Code     2  leddisplaytestmain.o(.text)
    dispTempLED                              0x000001f1   Thumb Code   106  leddisplaytestmain.o(.text)
    segDispConfig                            0x0000025b   Thumb Code    10  leddisplaytestmain.o(.text)
    sendRaw                                  0x00000265   Thumb Code    20  leddisplaytestmain.o(.text)
    displayNumber                            0x00000279   Thumb Code   138  leddisplaytestmain.o(.text)
    delay                                    0x00000303   Thumb Code    22  leddisplaytestmain.o(.text)
    main                                     0x00000319   Thumb Code    30  leddisplaytestmain.o(.text)
    __use_no_semihosting                     0x00000365   Thumb Code     2  use_no_semi_2.o(.text)
    __2printf                                0x00000369   Thumb Code    22  noretval__2printf.o(.text)
    __aeabi_uidiv                            0x00000385   Thumb Code     0  aeabi_sdiv.o(.text)
    __aeabi_uidivmod                         0x00000385   Thumb Code    20  aeabi_sdiv.o(.text)
    __aeabi_idiv                             0x00000399   Thumb Code     0  aeabi_sdiv.o(.text)
    __aeabi_idivmod                          0x00000399   Thumb Code   326  aeabi_sdiv.o(.text)
    __use_two_region_memory                  0x000004df   Thumb Code     2  heapauxi.o(.text)
    __rt_heap_escrow$2region                 0x000004e1   Thumb Code     2  heapauxi.o(.text)
    __rt_heap_expand$2region                 0x000004e3   Thumb Code     2  heapauxi.o(.text)
    __aeabi_dadd                             0x000007d7   Thumb Code     0  daddsub.o(.text)
    _dadd                                    0x000007d7   Thumb Code    22  daddsub.o(.text)
    __aeabi_dsub                             0x000007ed   Thumb Code     0  daddsub.o(.text)
    _dsub                                    0x000007ed   Thumb Code    22  daddsub.o(.text)
    __aeabi_drsub                            0x00000803   Thumb Code     0  daddsub.o(.text)
    _drsb                                    0x00000803   Thumb Code    24  daddsub.o(.text)
    __aeabi_d2uiz                            0x00000831   Thumb Code     0  dfixui.o(.text)
    _dfixu                                   0x00000831   Thumb Code    62  dfixui.o(.text)
    __aeabi_i2d_normalise                    0x00000879   Thumb Code    66  dflti.o(.text)
    __aeabi_i2d                              0x000008bb   Thumb Code    16  dflti.o(.text)
    _dflt                                    0x000008bb   Thumb Code     0  dflti.o(.text)
    __aeabi_ui2d                             0x000008cb   Thumb Code     6  dflti.o(.text)
    _dfltu                                   0x000008cb   Thumb Code     0  dflti.o(.text)
    __aeabi_dmul                             0x000008d1   Thumb Code     0  dmul.o(.text)
    _dmul                                    0x000008d1   Thumb Code   578  dmul.o(.text)
    __I$use$semihosting                      0x00000b29   Thumb Code     0  use_no_semi.o(.text)
    __use_no_semihosting_swi                 0x00000b29   Thumb Code     2  use_no_semi.o(.text)
    __read_errno                             0x00000b2b   Thumb Code    10  _rserrno.o(.text)
    __set_errno                              0x00000b35   Thumb Code    12  _rserrno.o(.text)
    _printf_char_file                        0x00000b41   Thumb Code    34  _printf_char_file.o(.text)
    __aeabi_ddiv                             0x00000b69   Thumb Code     0  ddiv.o(.text)
    _ddiv                                    0x00000b69   Thumb Code  1076  ddiv.o(.text)
    _drdiv                                   0x00000f9d   Thumb Code    20  ddiv.o(.text)
    __ARM_scalbn                             0x00000fb5   Thumb Code    80  dscalbn.o(.text)
    __aeabi_errno_addr                       0x00001011   Thumb Code     8  rt_errno_addr_intlibspace.o(.text)
    __errno$intlibspace                      0x00001011   Thumb Code     0  rt_errno_addr_intlibspace.o(.text)
    __rt_errno_addr$intlibspace              0x00001011   Thumb Code     0  rt_errno_addr_intlibspace.o(.text)
    _printf_char_common                      0x00001023   Thumb Code    32  _printf_char_common.o(.text)
    __fpl_dcmp_InfNaN                        0x00001049   Thumb Code   140  dcmpin.o(.text)
    _dsqrt                                   0x000010d9   Thumb Code   250  dsqrt.o(.text)
    __user_libspace                          0x000011dd   Thumb Code     8  libspace.o(.text)
    __user_perproc_libspace                  0x000011dd   Thumb Code     0  libspace.o(.text)
    __user_perthread_libspace                0x000011dd   Thumb Code     0  libspace.o(.text)
    __user_setup_stackheap                   0x000011e5   Thumb Code    62  sys_stackheap_outer.o(.text)
    __printf                                 0x00001223   Thumb Code    34  __printf_nopercent.o(.text)
    exit                                     0x00001245   Thumb Code    12  exit.o(.text)
    __fpl_cmpreturn                          0x00001251   Thumb Code    42  cmpret.o(.text)
    __fpl_dcheck_NaN2                        0x00001281   Thumb Code    14  dnan2.o(.text)
    __fpl_return_NaN                         0x00001295   Thumb Code    94  retnan.o(.text)
    __ARM_common_switch8                     0x000012f3   Thumb Code    28  leddisplaytestmain.o(i.__ARM_common_switch8)
    __ARM_fpclassify                         0x00001311   Thumb Code    38  fpclassify.o(i.__ARM_fpclassify)
    __kernel_poly                            0x0000133d   Thumb Code   172  poly.o(i.__kernel_poly)
    __mathlib_dbl_underflow                  0x000013e9   Thumb Code    14  dunder.o(i.__mathlib_dbl_underflow)
    pow                                      0x000013fd   Thumb Code  2526  pow.o(i.pow)
    sqrt                                     0x00001de5   Thumb Code    66  sqrt.o(i.sqrt)
    __aeabi_cdrcmple                         0x00001e2d   Thumb Code     0  drlef.o(x$fpl$drleqf)
    _drcmple                                 0x00001e2d   Thumb Code   100  drlef.o(x$fpl$drleqf)
    __I$use$fp                               0x00001e94   Number         0  usenofp.o(x$fpl$usenofp)
    __mathlib_zero                           0x00001fa0   Data           8  qnan.o(.constdata)
    Region$$Table$$Base                      0x00001fa8   Number         0  anon$$obj.o(Region$$Table)
    Region$$Table$$Limit                     0x00001fc8   Number         0  anon$$obj.o(Region$$Table)
    __stdout                                 0x20000000   Data           4  retarget.o(.data)
    __stdin                                  0x20000004   Data           4  retarget.o(.data)
    __libspace_start                         0x20000008   Data          96  libspace.o(.bss)
    __temporary_stack_top$libspace           0x20000068   Data           0  libspace.o(.bss)



==============================================================================

Memory Map of the image

  Image Entry point : 0x000001b9

  Load Region LR_1 (Base: 0x00000000, Size: 0x00001fd0, Max: 0xffffffff, ABSOLUTE)

    Execution Region ER_RO (Base: 0x00000000, Size: 0x00001fc8, Max: 0xffffffff, ABSOLUTE)

    Base Addr    Size         Type   Attr      Idx    E Section Name        Object

    0x00000000   0x00000080   Data   RO           27    RESET               cm0dsasm.o
    0x00000080   0x00000008   Code   RO           73  * !!!main             c_p.l(__main.o)
    0x00000088   0x0000003c   Code   RO          303    !!!scatter          c_p.l(__scatter.o)
    0x000000c4   0x0000001a   Code   RO          305    !!handler_copy      c_p.l(__scatter_copy.o)
    0x000000de   0x00000002   PAD
    0x000000e0   0x0000001c   Code   RO          307    !!handler_zi        c_p.l(__scatter_zi.o)
    0x000000fc   0x00000002   Code   RO          176    .ARM.Collect$$libinit$$00000000  c_p.l(libinit.o)
    0x000000fe   0x00000004   Code   RO          190    .ARM.Collect$$libinit$$00000001  c_p.l(libinit2.o)
    0x00000102   0x00000000   Code   RO          194    .ARM.Collect$$libinit$$00000008  c_p.l(libinit2.o)
    0x00000102   0x00000000   Code   RO          196    .ARM.Collect$$libinit$$0000000A  c_p.l(libinit2.o)
    0x00000102   0x00000000   Code   RO          198    .ARM.Collect$$libinit$$0000000C  c_p.l(libinit2.o)
    0x00000102   0x00000000   Code   RO          201    .ARM.Collect$$libinit$$0000000F  c_p.l(libinit2.o)
    0x00000102   0x00000000   Code   RO          203    .ARM.Collect$$libinit$$00000011  c_p.l(libinit2.o)
    0x00000102   0x00000000   Code   RO          205    .ARM.Collect$$libinit$$00000013  c_p.l(libinit2.o)
    0x00000102   0x00000000   Code   RO          207    .ARM.Collect$$libinit$$00000015  c_p.l(libinit2.o)
    0x00000102   0x00000000   Code   RO          209    .ARM.Collect$$libinit$$00000017  c_p.l(libinit2.o)
    0x00000102   0x00000000   Code   RO          211    .ARM.Collect$$libinit$$00000019  c_p.l(libinit2.o)
    0x00000102   0x00000000   Code   RO          213    .ARM.Collect$$libinit$$0000001B  c_p.l(libinit2.o)
    0x00000102   0x00000000   Code   RO          215    .ARM.Collect$$libinit$$0000001D  c_p.l(libinit2.o)
    0x00000102   0x00000000   Code   RO          217    .ARM.Collect$$libinit$$0000001F  c_p.l(libinit2.o)
    0x00000102   0x00000000   Code   RO          219    .ARM.Collect$$libinit$$00000021  c_p.l(libinit2.o)
    0x00000102   0x00000000   Code   RO          221    .ARM.Collect$$libinit$$00000023  c_p.l(libinit2.o)
    0x00000102   0x00000000   Code   RO          225    .ARM.Collect$$libinit$$0000002A  c_p.l(libinit2.o)
    0x00000102   0x00000000   Code   RO          227    .ARM.Collect$$libinit$$0000002C  c_p.l(libinit2.o)
    0x00000102   0x00000000   Code   RO          229    .ARM.Collect$$libinit$$0000002E  c_p.l(libinit2.o)
    0x00000102   0x00000000   Code   RO          231    .ARM.Collect$$libinit$$00000030  c_p.l(libinit2.o)
    0x00000102   0x00000002   Code   RO          232    .ARM.Collect$$libinit$$00000031  c_p.l(libinit2.o)
    0x00000104   0x00000002   Code   RO          260    .ARM.Collect$$libshutdown$$00000000  c_p.l(libshutdown.o)
    0x00000106   0x00000000   Code   RO          288    .ARM.Collect$$libshutdown$$00000003  c_p.l(libshutdown2.o)
    0x00000106   0x00000000   Code   RO          291    .ARM.Collect$$libshutdown$$00000006  c_p.l(libshutdown2.o)
    0x00000106   0x00000000   Code   RO          294    .ARM.Collect$$libshutdown$$00000009  c_p.l(libshutdown2.o)
    0x00000106   0x00000000   Code   RO          296    .ARM.Collect$$libshutdown$$0000000B  c_p.l(libshutdown2.o)
    0x00000106   0x00000000   Code   RO          299    .ARM.Collect$$libshutdown$$0000000E  c_p.l(libshutdown2.o)
    0x00000106   0x00000002   Code   RO          300    .ARM.Collect$$libshutdown$$0000000F  c_p.l(libshutdown2.o)
    0x00000108   0x00000000   Code   RO           95    .ARM.Collect$$rtentry$$00000000  c_p.l(rtentry.o)
    0x00000108   0x00000000   Code   RO          128    .ARM.Collect$$rtentry$$00000002  c_p.l(rtentry2.o)
    0x00000108   0x00000006   Code   RO          140    .ARM.Collect$$rtentry$$00000004  c_p.l(rtentry4.o)
    0x0000010e   0x00000000   Code   RO          130    .ARM.Collect$$rtentry$$00000009  c_p.l(rtentry2.o)
    0x0000010e   0x00000004   Code   RO          131    .ARM.Collect$$rtentry$$0000000A  c_p.l(rtentry2.o)
    0x00000112   0x00000000   Code   RO          133    .ARM.Collect$$rtentry$$0000000C  c_p.l(rtentry2.o)
    0x00000112   0x00000008   Code   RO          134    .ARM.Collect$$rtentry$$0000000D  c_p.l(rtentry2.o)
    0x0000011a   0x00000002   Code   RO          182    .ARM.Collect$$rtexit$$00000000  c_p.l(rtexit.o)
    0x0000011c   0x00000000   Code   RO          236    .ARM.Collect$$rtexit$$00000002  c_p.l(rtexit2.o)
    0x0000011c   0x00000004   Code   RO          237    .ARM.Collect$$rtexit$$00000003  c_p.l(rtexit2.o)
    0x00000120   0x00000006   Code   RO          238    .ARM.Collect$$rtexit$$00000004  c_p.l(rtexit2.o)
    0x00000126   0x00000002   PAD
    0x00000128   0x00000090   Code   RO            1    .text               retarget.o
    0x000001b8   0x00000034   Code   RO           28  * .text               cm0dsasm.o
    0x000001ec   0x00000178   Code   RO           33    .text               leddisplaytestmain.o
    0x00000364   0x00000002   Code   RO           61    .text               c_p.l(use_no_semi_2.o)
    0x00000366   0x00000002   PAD
    0x00000368   0x0000001c   Code   RO           65    .text               c_p.l(noretval__2printf.o)
    0x00000384   0x0000015a   Code   RO           67    .text               c_p.l(aeabi_sdiv.o)
    0x000004de   0x00000006   Code   RO           71    .text               c_p.l(heapauxi.o)
    0x000004e4   0x0000034c   Code   RO           75    .text               fz_ps.l(daddsub.o)
    0x00000830   0x00000048   Code   RO           77    .text               fz_ps.l(dfixui.o)
    0x00000878   0x00000058   Code   RO           79    .text               fz_ps.l(dflti.o)
    0x000008d0   0x00000258   Code   RO           81    .text               fz_ps.l(dmul.o)
    0x00000b28   0x00000002   Code   RO           93    .text               c_p.l(use_no_semi.o)
    0x00000b2a   0x00000016   Code   RO          100    .text               c_p.l(_rserrno.o)
    0x00000b40   0x00000028   Code   RO          102    .text               c_p.l(_printf_char_file.o)
    0x00000b68   0x0000044c   Code   RO          104    .text               fz_ps.l(ddiv.o)
    0x00000fb4   0x0000005c   Code   RO          109    .text               fz_ps.l(dscalbn.o)
    0x00001010   0x00000008   Code   RO          147    .text               c_p.l(rt_errno_addr_intlibspace.o)
    0x00001018   0x00000030   Code   RO          149    .text               c_p.l(_printf_char_common.o)
    0x00001048   0x00000090   Code   RO          151    .text               fz_ps.l(dcmpin.o)
    0x000010d8   0x00000104   Code   RO          155    .text               fz_ps.l(dsqrt.o)
    0x000011dc   0x00000008   Code   RO          157    .text               c_p.l(libspace.o)
    0x000011e4   0x0000003e   Code   RO          160    .text               c_p.l(sys_stackheap_outer.o)
    0x00001222   0x00000022   Code   RO          163    .text               c_p.l(__printf_nopercent.o)
    0x00001244   0x0000000c   Code   RO          165    .text               c_p.l(exit.o)
    0x00001250   0x00000030   Code   RO          177    .text               fz_ps.l(cmpret.o)
    0x00001280   0x00000014   Code   RO          179    .text               fz_ps.l(dnan2.o)
    0x00001294   0x0000005e   Code   RO          233    .text               fz_ps.l(retnan.o)
    0x000012f2   0x0000001c   Code   RO           46    i.__ARM_common_switch8  leddisplaytestmain.o
    0x0000130e   0x00000002   PAD
    0x00001310   0x0000002c   Code   RO          114    i.__ARM_fpclassify  m_ps.l(fpclassify.o)
    0x0000133c   0x000000ac   Code   RO          116    i.__kernel_poly     m_ps.l(poly.o)
    0x000013e8   0x00000014   Code   RO          112    i.__mathlib_dbl_underflow  m_ps.l(dunder.o)
    0x000013fc   0x000009e8   Code   RO           84    i.pow               m_ps.l(pow.o)
    0x00001de4   0x00000048   Code   RO          120    i.sqrt              m_ps.l(sqrt.o)
    0x00001e2c   0x00000068   Code   RO          107    x$fpl$drleqf        fz_ps.l(drlef.o)
    0x00001e94   0x00000000   Code   RO          111    x$fpl$usenofp       fz_ps.l(usenofp.o)
    0x00001e94   0x00000004   PAD
    0x00001e98   0x00000088   Data   RO           85    .constdata          m_ps.l(pow.o)
    0x00001f20   0x00000080   Data   RO          105    .constdata          fz_ps.l(ddiv.o)
    0x00001fa0   0x00000008   Data   RO          118    .constdata          m_ps.l(qnan.o)
    0x00001fa8   0x00000020   Data   RO          301    Region$$Table       anon$$obj.o


    Execution Region ER_RW (Base: 0x20000000, Size: 0x00000008, Max: 0xffffffff, ABSOLUTE)

    Base Addr    Size         Type   Attr      Idx    E Section Name        Object

    0x20000000   0x00000008   Data   RW            2    .data               retarget.o


    Execution Region ER_ZI (Base: 0x20000008, Size: 0x00000868, Max: 0xffffffff, ABSOLUTE)

    Base Addr    Size         Type   Attr      Idx    E Section Name        Object

    0x20000008   0x00000060   Zero   RW          158    .bss                c_p.l(libspace.o)
    0x20000068   0x00000008   PAD
    0x20000070   0x00000400   Zero   RW           26    HEAP                cm0dsasm.o
    0x20000470   0x00000400   Zero   RW           25    STACK               cm0dsasm.o


==============================================================================

Image component sizes


      Code (inc. data)   RO Data    RW Data    ZI Data      Debug   Object Name

        52         22        128          0       2048        424   cm0dsasm.o
       404         66          0          0          0       1834   leddisplaytestmain.o
       144         28          0          8          0       6634   retarget.o

    ----------------------------------------------------------------------
       602        116        160          8       2048       8892   Object Totals
         0          0         32          0          0          0   (incl. Generated)
         2          0          0          0          0          0   (incl. Padding)

    ----------------------------------------------------------------------

      Code (inc. data)   RO Data    RW Data    ZI Data      Debug   Library Member Name

         8          0          0          0          0         68   __main.o
        34          0          0          0          0         76   __printf_nopercent.o
        60          8          0          0          0          0   __scatter.o
        26          0          0          0          0          0   __scatter_copy.o
        28          0          0          0          0          0   __scatter_zi.o
        48          6          0          0          0         88   _printf_char_common.o
        40          6          0          0          0         72   _printf_char_file.o
        22          0          0          0          0         92   _rserrno.o
       346          0          0          0          0         92   aeabi_sdiv.o
        12          0          0          0          0         64   exit.o
         6          0          0          0          0        136   heapauxi.o
         2          0          0          0          0          0   libinit.o
         6          0          0          0          0          0   libinit2.o
         2          0          0          0          0          0   libshutdown.o
         2          0          0          0          0          0   libshutdown2.o
         8          4          0          0         96         68   libspace.o
        28          6          0          0          0         84   noretval__2printf.o
         8          4          0          0          0         68   rt_errno_addr_intlibspace.o
         0          0          0          0          0          0   rtentry.o
        12          0          0          0          0          0   rtentry2.o
         6          0          0          0          0          0   rtentry4.o
         2          0          0          0          0          0   rtexit.o
        10          0          0          0          0          0   rtexit2.o
        62          0          0          0          0         80   sys_stackheap_outer.o
         2          0          0          0          0         68   use_no_semi.o
         2          0          0          0          0         68   use_no_semi_2.o
        48          6          0          0          0         60   cmpret.o
       844         22          0          0          0        228   daddsub.o
       144          4          0          0          0         76   dcmpin.o
      1100         28        128          0          0        116   ddiv.o
        72         10          0          0          0         68   dfixui.o
        88          0          0          0          0         92   dflti.o
       600         22          0          0          0         84   dmul.o
        20          6          0          0          0         68   dnan2.o
       104          4          0          0          0        104   drlef.o
        92         12          0          0          0         72   dscalbn.o
       260         10          0          0          0         76   dsqrt.o
        94          0          0          0          0         68   retnan.o
         0          0          0          0          0          0   usenofp.o
        20          6          0          0          0         68   dunder.o
        44          6          0          0          0         60   fpclassify.o
       172          0          0          0          0         76   poly.o
      2536        224        136          0          0        216   pow.o
         0          0          8          0          0          0   qnan.o
        72          6          0          0          0         76   sqrt.o

    ----------------------------------------------------------------------
      7102        400        272          0        104       2732   Library Totals
        10          0          0          0          8          0   (incl. Padding)

    ----------------------------------------------------------------------

      Code (inc. data)   RO Data    RW Data    ZI Data      Debug   Library Name

       782         34          0          0         96       1124   c_p.l
      3466        124        128          0          0       1112   fz_ps.l
      2844        242        144          0          0        496   m_ps.l

    ----------------------------------------------------------------------
      7102        400        272          0        104       2732   Library Totals

    ----------------------------------------------------------------------

==============================================================================


      Code (inc. data)   RO Data    RW Data    ZI Data      Debug   

      7704        516        432          8       2152      10020   Grand Totals
      7704        516        432          8       2152      10020   ELF Image Totals
      7704        516        432          8          0          0   ROM Totals

==============================================================================

    Total RO  Size (Code + RO Data)                 8136 (   7.95kB)
    Total RW  Size (RW Data + ZI Data)              2160 (   2.11kB)
    Total ROM Size (Code + RO Data + RW Data)       8144 (   7.95kB)

==============================================================================

